{
  "version": "v99.99.99",
  "scittlets.reagent.core": {
    "home": "https://github.com/ikappaki/scittlets",
    "deps": [
      "<script src=\"https://cdn.jsdelivr.net/npm/react@18/umd/react.production.min.js\"></script>",
      "<script src=\"https://cdn.jsdelivr.net/npm/react-dom@18/umd/react-dom.production.min.js\"></script>",
      "<script src=\"https://cdn.jsdelivr.net/npm/scittle@0.7.23/dist/scittle.reagent.min.js\"></script>"
    ],
    "see": {
      "reagent": "https://reagent-project.github.io/",
      "scittle": "https://github.com/babashka/scittle"
    }
  },
  "scittlets.reagent.codemirror": {
    "home": "https://github.com/ikappaki/scittlets",
    "deps": [
      "<script src=\"https://cdn.jsdelivr.net/npm/react@18/umd/react.production.min.js\"></script>",
      "<script src=\"https://cdn.jsdelivr.net/npm/react-dom@18/umd/react-dom.production.min.js\"></script>",
      "<script src=\"https://cdn.jsdelivr.net/npm/scittle@0.7.23/dist/scittle.reagent.min.js\"></script>",
      "<script src=\"https://cdn.jsdelivr.net/gh/ikappaki/scittlets@v99.99.99/src/scittlets/reagent/codemirror.cljs\" type=\"application/x-scittle\"></script>"
    ],
    "files": [
      {
        "src": "https://cdn.jsdelivr.net/gh/ikappaki/scittlets@v99.99.99/test/corpus/topack.cljs",
        "dest": "codemirror.copied.file"
      }
    ],
    "see": {
      "codemirror": "https://codemirror.net/",
      "reagent": "https://reagent-project.github.io/"
    }
  },
  "scittlets.reagent.mermaid": {
    "home": "https://github.com/ikappaki/scittlets",
    "deps": [
      "<script src=\"https://cdn.jsdelivr.net/npm/react@18/umd/react.production.min.js\"></script>",
      "<script src=\"https://cdn.jsdelivr.net/npm/react-dom@18/umd/react-dom.production.min.js\"></script>",
      "<script src=\"https://cdn.jsdelivr.net/npm/scittle@0.7.23/dist/scittle.reagent.min.js\"></script>",
      "<script src=\"https://cdn.jsdelivr.net/npm/mermaid@11.6.0/dist/mermaid.min.js\"></script>",
      "<script src=\"https://cdn.jsdelivr.net/gh/ikappaki/scittlets@v99.99.99/src/scittlets/reagent/mermaid.cljs\" type=\"application/x-scittle\"></script>"
    ],
    "see": {
      "mermaid": "https://mermaid.js.org/",
      "reagent": "https://reagent-project.github.io/"
    }
  },
  "templates": {
    "scittle/basic": {
      "src": "examples/scittle",
      "descr": "A minimal Scittle template with zero dependencies",
      "files": [
        {
          "src": "https://cdn.jsdelivr.net/gh/ikappaki/scittlets@v99.99.99/examples/scittle/scittle_basic.html",
          "dest": "index.html"
        },
        {
          "src": "https://cdn.jsdelivr.net/gh/ikappaki/scittlets@v99.99.99/examples/scittle/scittle_basic.cljs",
          "dest": "scittle_basic.cljs"
        }
      ],
      "target": "scittle_basic"
    }
  }
}
