<!DOCTYPE html>
<html>
  <head>
    <meta charset="UTF-8" />
    <title>Minimal cljs scittle app</title>

    <script src="https://cdn.jsdelivr.net/npm/scittle@0.7.23/dist/scittle.min.js" type="application/javascript"></script>

    <!-- Scittlet dependencies: scittlets.reagent.mermaid -->
    <meta name="scittlets.reagent.mermaid.version" content="main">
    <script src="https://cdn.jsdelivr.net/npm/react@18/umd/react.production.min.js"></script>
    <script src="https://cdn.jsdelivr.net/npm/react-dom@18/umd/react-dom.production.min.js"></script>
    <script src="https://cdn.jsdelivr.net/npm/scittle@0.7.23/dist/scittle.reagent.min.js"></script>
    <script src="https://cdn.jsdelivr.net/npm/mermaid@11.6.0/dist/mermaid.min.js"></script>
    <script src="src/scittlets/reagent/mermaid.cljs" type="application/x-scittle"></script>
    <!-- Scittlet dependencies: end -->

    <!-- Scittlet dependencies: scittlets.reagent.codemirror -->
    <meta name="scittlets.reagent.codemirror.version" content="main">
    <script src="https://cdn.jsdelivr.net/npm/react@18/umd/react.production.min.js"></script>
    <script src="https://cdn.jsdelivr.net/npm/react-dom@18/umd/react-dom.production.min.js"></script>
    <script src="https://cdn.jsdelivr.net/npm/scittle@0.7.23/dist/scittle.reagent.min.js"></script>
    <script src="src/scittlets/reagent/codemirror.cljs" type="application/x-scittle"></script>
    <!-- Scittlet dependencies: end -->

    <script type="application/x-scittle" deref>
      (println :hello)
    </script>
    
  </head>
  <body>
    <div id="app"></div>
  </body>

</html>
